C51 COMPILER V9.54   I2C                                                                   07/12/2026 11:10:09 PAGE 1   


C51 COMPILER V9.54, COMPILATION OF MODULE I2C
OBJECT MODULE PLACED IN .\Objects\I2C.obj
COMPILER INVOKED BY: D:\keil5\C51\BIN\C51.EXE I2C.c OPTIMIZE(8,SPEED) BROWSE DEBUG OBJECTEXTEND PRINT(.\Listings\I2C.lst
                    -) TABS(2) OBJECT(.\Objects\I2C.obj)

line level    source

   1          #include <REGX52.H>
   2          #include "Delay.h"
   3          
   4          sbit I2C_SCL=P2^1;
   5          sbit I2C_SDA=P2^0;
   6          
   7          void I2C_Start(){
   8   1        I2C_SCL=1;
   9   1        I2C_SDA=1;
  10   1        I2C_SDA=0;
  11   1        I2C_SCL=0;
  12   1      }
  13          
  14          void I2C_Stop(){
  15   1        I2C_SDA=0;
  16   1        I2C_SCL=1;
  17   1        I2C_SDA=1;
  18   1      }
  19          
  20          void I2C_SendByte(unsigned char Byte){
  21   1        unsigned char i;
  22   1        for(i=0;i<8;i++){
  23   2          if(Byte&(0x80>>i)){I2C_SDA=1;}
  24   2          else if((Byte&(0x80>>i))==0){I2C_SDA=0;}
  25   2          I2C_SCL=1;
  26   2          I2C_SCL=0;
  27   2        }
  28   1      }
  29          
  30          unsigned char I2C_ReceiveByte(){
  31   1        unsigned char i, Byte=0x00;
  32   1        I2C_SDA=1;
  33   1        for(i=0;i<8;i++){
  34   2          I2C_SCL=1;
  35   2          if(I2C_SDA){Byte|=(0x80>>i);}
  36   2          I2C_SCL=0;
  37   2        }
  38   1        return Byte;
  39   1      }
  40          
  41          void I2C_SendAck(bit Ack){
  42   1        I2C_SDA=Ack;
  43   1        I2C_SCL=1;
  44   1        I2C_SCL=0;
  45   1        
  46   1      }
  47          
  48          unsigned char I2C_ReceiveAck(){
  49   1        unsigned char Ack;
  50   1        I2C_SDA=1;
  51   1        I2C_SCL=1;
  52   1        Ack=I2C_SDA;
  53   1        I2C_SCL=0;
  54   1        return Ack;
C51 COMPILER V9.54   I2C                                                                   07/12/2026 11:10:09 PAGE 2   

  55   1      }


MODULE INFORMATION:   STATIC OVERLAYABLE
   CODE SIZE        =    117    ----
   CONSTANT SIZE    =   ----    ----
   XDATA SIZE       =   ----    ----
   PDATA SIZE       =   ----    ----
   DATA SIZE        =   ----    ----
   IDATA SIZE       =   ----    ----
   BIT SIZE         =   ----       1
END OF MODULE INFORMATION.


C51 COMPILATION COMPLETE.  0 WARNING(S),  0 ERROR(S)
